Archive member included to satisfy reference by file (symbol)

.pio/build/nanoatmega328new/lib3a3/libSPI.a(SPI.cpp.o)
                              .pio/build/nanoatmega328new/src/mcp4922.cpp.o (symbol from plugin) (_ZN8SPIClass5beginEv)
.pio/build/nanoatmega328new/lib2ac/libTimerOne_ID131.a(TimerOne.cpp.o)
                              .pio/build/nanoatmega328new/src/main.cpp.o (symbol from plugin) (_ZN8TimerOne11isrCallbackE)
.pio/build/nanoatmega328new/libFrameworkArduino.a(HardwareSerial.cpp.o)
                              .pio/build/nanoatmega328new/src/remote.cpp.o (symbol from plugin) (_ZN14HardwareSerial4readEv)
.pio/build/nanoatmega328new/libFrameworkArduino.a(HardwareSerial0.cpp.o)
                              .pio/build/nanoatmega328new/src/remote.cpp.o (symbol from plugin) (Serial)
.pio/build/nanoatmega328new/libFrameworkArduino.a(Print.cpp.o)
                              HardwareSerial.cpp.o (symbol from plugin) (_ZN5Print5writeEPKhj)
.pio/build/nanoatmega328new/libFrameworkArduino.a(abi.cpp.o)
                              HardwareSerial0.cpp.o (symbol from plugin) (__cxa_pure_virtual)
.pio/build/nanoatmega328new/libFrameworkArduino.a(main.cpp.o)
                              /Volumes/Macintosh HD/Users/jorgkrein/.platformio/packages/toolchain-atmelavr/bin/../lib/gcc/avr/5.4.0/../../../../avr/lib/avr5/crtatmega328p.o (main)
.pio/build/nanoatmega328new/libFrameworkArduino.a(wiring.c.o)
                              .pio/build/nanoatmega328new/src/mcp4922.cpp.o (symbol from plugin) (delayMicroseconds)
.pio/build/nanoatmega328new/libFrameworkArduino.a(wiring_digital.c.o)
                              .pio/build/nanoatmega328new/src/mcp4922.cpp.o (symbol from plugin) (pinMode)
.pio/build/nanoatmega328new/libFrameworkArduino.a(hooks.c.o)
                              wiring.c.o (symbol from plugin) (yield)
/Volumes/Macintosh HD/Users/jorgkrein/.platformio/packages/toolchain-atmelavr/bin/../lib/gcc/avr/5.4.0/avr5/libgcc.a(_exit.o)
                              /Volumes/Macintosh HD/Users/jorgkrein/.platformio/packages/toolchain-atmelavr/bin/../lib/gcc/avr/5.4.0/../../../../avr/lib/avr5/crtatmega328p.o (exit)
/Volumes/Macintosh HD/Users/jorgkrein/.platformio/packages/toolchain-atmelavr/bin/../lib/gcc/avr/5.4.0/../../../../avr/lib/avr5/libc.a(strtol.o)
                              .pio/build/nanoatmega328new/src/remote.cpp.o (symbol from plugin) (strtol)
/Volumes/Macintosh HD/Users/jorgkrein/.platformio/packages/toolchain-atmelavr/bin/../lib/gcc/avr/5.4.0/../../../../avr/lib/avr5/libc.a(isspace.o)
                              /Volumes/Macintosh HD/Users/jorgkrein/.platformio/packages/toolchain-atmelavr/bin/../lib/gcc/avr/5.4.0/../../../../avr/lib/avr5/libc.a(strtol.o) (isspace)
/Volumes/Macintosh HD/Users/jorgkrein/.platformio/packages/toolchain-atmelavr/bin/../lib/gcc/avr/5.4.0/../../../../avr/lib/avr5/libc.a(strtok.o)
                              .pio/build/nanoatmega328new/src/remote.cpp.o (symbol from plugin) (strtok)
/Volumes/Macintosh HD/Users/jorgkrein/.platformio/packages/toolchain-atmelavr/bin/../lib/gcc/avr/5.4.0/../../../../avr/lib/avr5/libc.a(strtok_r.o)
                              /Volumes/Macintosh HD/Users/jorgkrein/.platformio/packages/toolchain-atmelavr/bin/../lib/gcc/avr/5.4.0/../../../../avr/lib/avr5/libc.a(strtok.o) (strtok_r)
/Volumes/Macintosh HD/Users/jorgkrein/.platformio/packages/toolchain-atmelavr/bin/../lib/gcc/avr/5.4.0/../../../../avr/lib/avr5/libc.a(errno.o)
                              /Volumes/Macintosh HD/Users/jorgkrein/.platformio/packages/toolchain-atmelavr/bin/../lib/gcc/avr/5.4.0/../../../../avr/lib/avr5/libc.a(strtol.o) (errno)
/Volumes/Macintosh HD/Users/jorgkrein/.platformio/packages/toolchain-atmelavr/bin/../lib/gcc/avr/5.4.0/../../../../avr/lib/avr5/libc.a(cty_isfalse.o)
                              /Volumes/Macintosh HD/Users/jorgkrein/.platformio/packages/toolchain-atmelavr/bin/../lib/gcc/avr/5.4.0/../../../../avr/lib/avr5/libc.a(isspace.o) (__ctype_isfalse)
/Volumes/Macintosh HD/Users/jorgkrein/.platformio/packages/toolchain-atmelavr/bin/../lib/gcc/avr/5.4.0/avr5/libgcc.a(_mulsi3.o)
                              /Volumes/Macintosh HD/Users/jorgkrein/.platformio/packages/toolchain-atmelavr/bin/../lib/gcc/avr/5.4.0/../../../../avr/lib/avr5/libc.a(strtol.o) (__mulsi3)
/Volumes/Macintosh HD/Users/jorgkrein/.platformio/packages/toolchain-atmelavr/bin/../lib/gcc/avr/5.4.0/avr5/libgcc.a(_udivmodsi4.o)
                              /Volumes/Macintosh HD/Users/jorgkrein/.platformio/packages/toolchain-atmelavr/bin/../lib/gcc/avr/5.4.0/../../../../avr/lib/avr5/libc.a(strtol.o) (__udivmodsi4)
/Volumes/Macintosh HD/Users/jorgkrein/.platformio/packages/toolchain-atmelavr/bin/../lib/gcc/avr/5.4.0/avr5/libgcc.a(_clear_bss.o)
                              /Volumes/Macintosh HD/Users/jorgkrein/.platformio/packages/toolchain-atmelavr/bin/../lib/gcc/avr/5.4.0/../../../../avr/lib/avr5/libc.a(strtok.o) (__do_clear_bss)
/Volumes/Macintosh HD/Users/jorgkrein/.platformio/packages/toolchain-atmelavr/bin/../lib/gcc/avr/5.4.0/avr5/libgcc.a(_muluhisi3.o)
                              /Volumes/Macintosh HD/Users/jorgkrein/.platformio/packages/toolchain-atmelavr/bin/../lib/gcc/avr/5.4.0/avr5/libgcc.a(_mulsi3.o) (__muluhisi3)
/Volumes/Macintosh HD/Users/jorgkrein/.platformio/packages/toolchain-atmelavr/bin/../lib/gcc/avr/5.4.0/avr5/libgcc.a(_prologue.o)
                              /Volumes/Macintosh HD/Users/jorgkrein/.platformio/packages/toolchain-atmelavr/bin/../lib/gcc/avr/5.4.0/../../../../avr/lib/avr5/libc.a(strtol.o) (__prologue_saves__)
/Volumes/Macintosh HD/Users/jorgkrein/.platformio/packages/toolchain-atmelavr/bin/../lib/gcc/avr/5.4.0/avr5/libgcc.a(_epilogue.o)
                              /Volumes/Macintosh HD/Users/jorgkrein/.platformio/packages/toolchain-atmelavr/bin/../lib/gcc/avr/5.4.0/../../../../avr/lib/avr5/libc.a(strtol.o) (__epilogue_restores__)
/Volumes/Macintosh HD/Users/jorgkrein/.platformio/packages/toolchain-atmelavr/bin/../lib/gcc/avr/5.4.0/avr5/libgcc.a(_umulhisi3.o)
                              /Volumes/Macintosh HD/Users/jorgkrein/.platformio/packages/toolchain-atmelavr/bin/../lib/gcc/avr/5.4.0/avr5/libgcc.a(_muluhisi3.o) (__umulhisi3)
/Volumes/Macintosh HD/Users/jorgkrein/.platformio/packages/toolchain-atmelavr/bin/../lib/gcc/avr/5.4.0/avr5/libgcc.a(_copy_data.o)
                              /var/folders/ls/00vg1jfd0rl1sd8m1806dmc40000gn/T//cczU3mOV.ltrans0.ltrans.o (__do_copy_data)
/Volumes/Macintosh HD/Users/jorgkrein/.platformio/packages/toolchain-atmelavr/bin/../lib/gcc/avr/5.4.0/avr5/libgcc.a(_ctors.o)
                              /var/folders/ls/00vg1jfd0rl1sd8m1806dmc40000gn/T//cczU3mOV.ltrans0.ltrans.o (__do_global_ctors)
/Volumes/Macintosh HD/Users/jorgkrein/.platformio/packages/toolchain-atmelavr/bin/../lib/gcc/avr/5.4.0/avr5/libgcc.a(_usmulhisi3.o)
                              /var/folders/ls/00vg1jfd0rl1sd8m1806dmc40000gn/T//cczU3mOV.ltrans0.ltrans.o (__usmulhisi3)
/Volumes/Macintosh HD/Users/jorgkrein/.platformio/packages/toolchain-atmelavr/bin/../lib/gcc/avr/5.4.0/avr5/libgcc.a(_tablejump2.o)
                              /Volumes/Macintosh HD/Users/jorgkrein/.platformio/packages/toolchain-atmelavr/bin/../lib/gcc/avr/5.4.0/avr5/libgcc.a(_ctors.o) (__tablejump2__)
/Volumes/Macintosh HD/Users/jorgkrein/.platformio/packages/toolchain-atmelavr/bin/../lib/gcc/avr/5.4.0/../../../../avr/lib/avr5/libc.a(abort.o)
                              /var/folders/ls/00vg1jfd0rl1sd8m1806dmc40000gn/T//cczU3mOV.ltrans0.ltrans.o (abort)
/Volumes/Macintosh HD/Users/jorgkrein/.platformio/packages/toolchain-atmelavr/bin/../lib/gcc/avr/5.4.0/../../../../avr/lib/avr5/libc.a(strcmp.o)
                              /var/folders/ls/00vg1jfd0rl1sd8m1806dmc40000gn/T//cczU3mOV.ltrans0.ltrans.o (strcmp)

Allocating common symbols
Common symbol       size              file

errno               0x2               /Volumes/Macintosh HD/Users/jorgkrein/.platformio/packages/toolchain-atmelavr/bin/../lib/gcc/avr/5.4.0/../../../../avr/lib/avr5/libc.a(errno.o)

Discarded input sections

 .data          0x0000000000000000        0x0 /Volumes/Macintosh HD/Users/jorgkrein/.platformio/packages/toolchain-atmelavr/bin/../lib/gcc/avr/5.4.0/../../../../avr/lib/avr5/crtatmega328p.o
 .bss           0x0000000000000000        0x0 /Volumes/Macintosh HD/Users/jorgkrein/.platformio/packages/toolchain-atmelavr/bin/../lib/gcc/avr/5.4.0/../../../../avr/lib/avr5/crtatmega328p.o
 .text          0x0000000000000000        0x0 .pio/build/nanoatmega328new/src/figure.cpp.o (symbol from plugin)
 .data          0x0000000000000000        0x0 /var/folders/ls/00vg1jfd0rl1sd8m1806dmc40000gn/T//cczU3mOV.ltrans0.ltrans.o
 .text          0x0000000000000000        0x0 .pio/build/nanoatmega328new/src/main.cpp.o (symbol from plugin)
 .text          0x0000000000000000        0x0 .pio/build/nanoatmega328new/src/mcp4922.cpp.o (symbol from plugin)
 .gnu.linkonce.t._ZN11SPISettings16init_MightInlineEmhh
                0x0000000000000000        0x0 .pio/build/nanoatmega328new/src/mcp4922.cpp.o (symbol from plugin)
 .gnu.linkonce.t._ZN11SPISettingsC5Emhh
                0x0000000000000000        0x0 .pio/build/nanoatmega328new/src/mcp4922.cpp.o (symbol from plugin)
 .gnu.linkonce.t._ZN8SPIClass16beginTransactionE11SPISettings
                0x0000000000000000        0x0 .pio/build/nanoatmega328new/src/mcp4922.cpp.o (symbol from plugin)
 .gnu.linkonce.t._ZN8SPIClass10transfer16Ej
                0x0000000000000000        0x0 .pio/build/nanoatmega328new/src/mcp4922.cpp.o (symbol from plugin)
 .text          0x0000000000000000        0x0 .pio/build/nanoatmega328new/src/remote.cpp.o (symbol from plugin)
 .gnu.linkonce.t._ZN14HardwareSerial5beginEm
                0x0000000000000000        0x0 .pio/build/nanoatmega328new/src/remote.cpp.o (symbol from plugin)
 .text          0x0000000000000000        0x0 SPI.cpp.o (symbol from plugin)
 .text          0x0000000000000000        0x0 TimerOne.cpp.o (symbol from plugin)
 .text          0x0000000000000000        0x0 HardwareSerial.cpp.o (symbol from plugin)
 .gnu.linkonce.t._ZTV14HardwareSerial
                0x0000000000000000        0x0 HardwareSerial.cpp.o (symbol from plugin)
 .text          0x0000000000000000        0x0 HardwareSerial0.cpp.o (symbol from plugin)
 .gnu.linkonce.t._ZN5Print17availableForWriteEv
                0x0000000000000000        0x0 HardwareSerial0.cpp.o (symbol from plugin)
 .gnu.linkonce.t._ZN5Print5flushEv
                0x0000000000000000        0x0 HardwareSerial0.cpp.o (symbol from plugin)
 .gnu.linkonce.t._ZN6StreamC5Ev
                0x0000000000000000        0x0 HardwareSerial0.cpp.o (symbol from plugin)
 .gnu.linkonce.t._ZTV6Stream
                0x0000000000000000        0x0 HardwareSerial0.cpp.o (symbol from plugin)
 .gnu.linkonce.t._ZN14HardwareSerial16_rx_complete_irqEv
                0x0000000000000000        0x0 HardwareSerial0.cpp.o (symbol from plugin)
 .text          0x0000000000000000        0x0 Print.cpp.o (symbol from plugin)
 .gnu.linkonce.t._ZN5Print17availableForWriteEv
                0x0000000000000000        0x0 Print.cpp.o (symbol from plugin)
 .gnu.linkonce.t._ZN5Print5flushEv
                0x0000000000000000        0x0 Print.cpp.o (symbol from plugin)
 .gnu.linkonce.t._ZN5Print5writeEPKc
                0x0000000000000000        0x0 Print.cpp.o (symbol from plugin)
 .gnu.linkonce.t._ZN5Print5writeEPKcj
                0x0000000000000000        0x0 Print.cpp.o (symbol from plugin)
 .gnu.linkonce.t._ZTV5Print
                0x0000000000000000        0x0 Print.cpp.o (symbol from plugin)
 .text          0x0000000000000000        0x0 abi.cpp.o (symbol from plugin)
 .text          0x0000000000000000        0x0 main.cpp.o (symbol from plugin)
 .text          0x0000000000000000        0x0 wiring.c.o (symbol from plugin)
 .text          0x0000000000000000        0x0 wiring_digital.c.o (symbol from plugin)
 .text          0x0000000000000000        0x0 hooks.c.o (symbol from plugin)
 .text          0x0000000000000000        0x0 /Volumes/Macintosh HD/Users/jorgkrein/.platformio/packages/toolchain-atmelavr/bin/../lib/gcc/avr/5.4.0/avr5/libgcc.a(_exit.o)
 .data          0x0000000000000000        0x0 /Volumes/Macintosh HD/Users/jorgkrein/.platformio/packages/toolchain-atmelavr/bin/../lib/gcc/avr/5.4.0/avr5/libgcc.a(_exit.o)
 .bss           0x0000000000000000        0x0 /Volumes/Macintosh HD/Users/jorgkrein/.platformio/packages/toolchain-atmelavr/bin/../lib/gcc/avr/5.4.0/avr5/libgcc.a(_exit.o)
 .text.libgcc.mul
                0x0000000000000000        0x0 /Volumes/Macintosh HD/Users/jorgkrein/.platformio/packages/toolchain-atmelavr/bin/../lib/gcc/avr/5.4.0/avr5/libgcc.a(_exit.o)
 .text.libgcc.div
                0x0000000000000000        0x0 /Volumes/Macintosh HD/Users/jorgkrein/.platformio/packages/toolchain-atmelavr/bin/../lib/gcc/avr/5.4.0/avr5/libgcc.a(_exit.o)
 .text.libgcc   0x0000000000000000        0x0 /Volumes/Macintosh HD/Users/jorgkrein/.platformio/packages/toolchain-atmelavr/bin/../lib/gcc/avr/5.4.0/avr5/libgcc.a(_exit.o)
 .text.libgcc.prologue
                0x0000000000000000        0x0 /Volumes/Macintosh HD/Users/jorgkrein/.platformio/packages/toolchain-atmelavr/bin/../lib/gcc/avr/5.4.0/avr5/libgcc.a(_exit.o)
 .text.libgcc.builtins
                0x0000000000000000        0x0 /Volumes/Macintosh HD/Users/jorgkrein/.platformio/packages/toolchain-atmelavr/bin/../lib/gcc/avr/5.4.0/avr5/libgcc.a(_exit.o)
 .text.libgcc.fmul
                0x0000000000000000        0x0 /Volumes/Macintosh HD/Users/jorgkrein/.platformio/packages/toolchain-atmelavr/bin/../lib/gcc/avr/5.4.0/avr5/libgcc.a(_exit.o)
 .text.libgcc.fixed
                0x0000000000000000        0x0 /Volumes/Macintosh HD/Users/jorgkrein/.platformio/packages/toolchain-atmelavr/bin/../lib/gcc/avr/5.4.0/avr5/libgcc.a(_exit.o)
 .text          0x0000000000000000        0x0 /Volumes/Macintosh HD/Users/jorgkrein/.platformio/packages/toolchain-atmelavr/bin/../lib/gcc/avr/5.4.0/../../../../avr/lib/avr5/libc.a(strtol.o)
 .data          0x0000000000000000        0x0 /Volumes/Macintosh HD/Users/jorgkrein/.platformio/packages/toolchain-atmelavr/bin/../lib/gcc/avr/5.4.0/../../../../avr/lib/avr5/libc.a(strtol.o)
 .bss           0x0000000000000000        0x0 /Volumes/Macintosh HD/Users/jorgkrein/.platformio/packages/toolchain-atmelavr/bin/../lib/gcc/avr/5.4.0/../../../../avr/lib/avr5/libc.a(strtol.o)
 .text          0x0000000000000000        0x0 /Volumes/Macintosh HD/Users/jorgkrein/.platformio/packages/toolchain-atmelavr/bin/../lib/gcc/avr/5.4.0/../../../../avr/lib/avr5/libc.a(isspace.o)
 .data          0x0000000000000000        0x0 /Volumes/Macintosh HD/Users/jorgkrein/.platformio/packages/toolchain-atmelavr/bin/../lib/gcc/avr/5.4.0/../../../../avr/lib/avr5/libc.a(isspace.o)
 .bss           0x0000000000000000        0x0 /Volumes/Macintosh HD/Users/jorgkrein/.platformio/packages/toolchain-atmelavr/bin/../lib/gcc/avr/5.4.0/../../../../avr/lib/avr5/libc.a(isspace.o)
 .text          0x0000000000000000        0x0 /Volumes/Macintosh HD/Users/jorgkrein/.platformio/packages/toolchain-atmelavr/bin/../lib/gcc/avr/5.4.0/../../../../avr/lib/avr5/libc.a(strtok.o)
 .data          0x0000000000000000        0x0 /Volumes/Macintosh HD/Users/jorgkrein/.platformio/packages/toolchain-atmelavr/bin/../lib/gcc/avr/5.4.0/../../../../avr/lib/avr5/libc.a(strtok.o)
 .text          0x0000000000000000        0x0 /Volumes/Macintosh HD/Users/jorgkrein/.platformio/packages/toolchain-atmelavr/bin/../lib/gcc/avr/5.4.0/../../../../avr/lib/avr5/libc.a(strtok_r.o)
 .data          0x0000000000000000        0x0 /Volumes/Macintosh HD/Users/jorgkrein/.platformio/packages/toolchain-atmelavr/bin/../lib/gcc/avr/5.4.0/../../../../avr/lib/avr5/libc.a(strtok_r.o)
 .bss           0x0000000000000000        0x0 /Volumes/Macintosh HD/Users/jorgkrein/.platformio/packages/toolchain-atmelavr/bin/../lib/gcc/avr/5.4.0/../../../../avr/lib/avr5/libc.a(strtok_r.o)
 .text          0x0000000000000000        0x0 /Volumes/Macintosh HD/Users/jorgkrein/.platformio/packages/toolchain-atmelavr/bin/../lib/gcc/avr/5.4.0/../../../../avr/lib/avr5/libc.a(errno.o)
 .data          0x0000000000000000        0x0 /Volumes/Macintosh HD/Users/jorgkrein/.platformio/packages/toolchain-atmelavr/bin/../lib/gcc/avr/5.4.0/../../../../avr/lib/avr5/libc.a(errno.o)
 .bss           0x0000000000000000        0x0 /Volumes/Macintosh HD/Users/jorgkrein/.platformio/packages/toolchain-atmelavr/bin/../lib/gcc/avr/5.4.0/../../../../avr/lib/avr5/libc.a(errno.o)
 .text          0x0000000000000000        0x0 /Volumes/Macintosh HD/Users/jorgkrein/.platformio/packages/toolchain-atmelavr/bin/../lib/gcc/avr/5.4.0/../../../../avr/lib/avr5/libc.a(cty_isfalse.o)
 .data          0x0000000000000000        0x0 /Volumes/Macintosh HD/Users/jorgkrein/.platformio/packages/toolchain-atmelavr/bin/../lib/gcc/avr/5.4.0/../../../../avr/lib/avr5/libc.a(cty_isfalse.o)
 .bss           0x0000000000000000        0x0 /Volumes/Macintosh HD/Users/jorgkrein/.platformio/packages/toolchain-atmelavr/bin/../lib/gcc/avr/5.4.0/../../../../avr/lib/avr5/libc.a(cty_isfalse.o)
 .text          0x0000000000000000        0x0 /Volumes/Macintosh HD/Users/jorgkrein/.platformio/packages/toolchain-atmelavr/bin/../lib/gcc/avr/5.4.0/avr5/libgcc.a(_mulsi3.o)
 .data          0x0000000000000000        0x0 /Volumes/Macintosh HD/Users/jorgkrein/.platformio/packages/toolchain-atmelavr/bin/../lib/gcc/avr/5.4.0/avr5/libgcc.a(_mulsi3.o)
 .bss           0x0000000000000000        0x0 /Volumes/Macintosh HD/Users/jorgkrein/.platformio/packages/toolchain-atmelavr/bin/../lib/gcc/avr/5.4.0/avr5/libgcc.a(_mulsi3.o)
 .text.libgcc.div
                0x0000000000000000        0x0 /Volumes/Macintosh HD/Users/jorgkrein/.platformio/packages/toolchain-atmelavr/bin/../lib/gcc/avr/5.4.0/avr5/libgcc.a(_mulsi3.o)
 .text.libgcc   0x0000000000000000        0x0 /Volumes/Macintosh HD/Users/jorgkrein/.platformio/packages/toolchain-atmelavr/bin/../lib/gcc/avr/5.4.0/avr5/libgcc.a(_mulsi3.o)
 .text.libgcc.prologue
                0x0000000000000000        0x0 /Volumes/Macintosh HD/Users/jorgkrein/.platformio/packages/toolchain-atmelavr/bin/../lib/gcc/avr/5.4.0/avr5/libgcc.a(_mulsi3.o)
 .text.libgcc.builtins
                0x0000000000000000        0x0 /Volumes/Macintosh HD/Users/jorgkrein/.platformio/packages/toolchain-atmelavr/bin/../lib/gcc/avr/5.4.0/avr5/libgcc.a(_mulsi3.o)
 .text.libgcc.fmul
                0x0000000000000000        0x0 /Volumes/Macintosh HD/Users/jorgkrein/.platformio/packages/toolchain-atmelavr/bin/../lib/gcc/avr/5.4.0/avr5/libgcc.a(_mulsi3.o)
 .text.libgcc.fixed
                0x0000000000000000        0x0 /Volumes/Macintosh HD/Users/jorgkrein/.platformio/packages/toolchain-atmelavr/bin/../lib/gcc/avr/5.4.0/avr5/libgcc.a(_mulsi3.o)
 .text          0x0000000000000000        0x0 /Volumes/Macintosh HD/Users/jorgkrein/.platformio/packages/toolchain-atmelavr/bin/../lib/gcc/avr/5.4.0/avr5/libgcc.a(_udivmodsi4.o)
 .data          0x0000000000000000        0x0 /Volumes/Macintosh HD/Users/jorgkrein/.platformio/packages/toolchain-atmelavr/bin/../lib/gcc/avr/5.4.0/avr5/libgcc.a(_udivmodsi4.o)
 .bss           0x0000000000000000        0x0 /Volumes/Macintosh HD/Users/jorgkrein/.platformio/packages/toolchain-atmelavr/bin/../lib/gcc/avr/5.4.0/avr5/libgcc.a(_udivmodsi4.o)
 .text.libgcc.mul
                0x0000000000000000        0x0 /Volumes/Macintosh HD/Users/jorgkrein/.platformio/packages/toolchain-atmelavr/bin/../lib/gcc/avr/5.4.0/avr5/libgcc.a(_udivmodsi4.o)
 .text.libgcc   0x0000000000000000        0x0 /Volumes/Macintosh HD/Users/jorgkrein/.platformio/packages/toolchain-atmelavr/bin/../lib/gcc/avr/5.4.0/avr5/libgcc.a(_udivmodsi4.o)
 .text.libgcc.prologue
                0x0000000000000000        0x0 /Volumes/Macintosh HD/Users/jorgkrein/.platformio/packages/toolchain-atmelavr/bin/../lib/gcc/avr/5.4.0/avr5/libgcc.a(_udivmodsi4.o)
 .text.libgcc.builtins
                0x0000000000000000        0x0 /Volumes/Macintosh HD/Users/jorgkrein/.platformio/packages/toolchain-atmelavr/bin/../lib/gcc/avr/5.4.0/avr5/libgcc.a(_udivmodsi4.o)
 .text.libgcc.fmul
                0x0000000000000000        0x0 /Volumes/Macintosh HD/Users/jorgkrein/.platformio/packages/toolchain-atmelavr/bin/../lib/gcc/avr/5.4.0/avr5/libgcc.a(_udivmodsi4.o)
 .text.libgcc.fixed
                0x0000000000000000        0x0 /Volumes/Macintosh HD/Users/jorgkrein/.platformio/packages/toolchain-atmelavr/bin/../lib/gcc/avr/5.4.0/avr5/libgcc.a(_udivmodsi4.o)
 .text          0x0000000000000000        0x0 /Volumes/Macintosh HD/Users/jorgkrein/.platformio/packages/toolchain-atmelavr/bin/../lib/gcc/avr/5.4.0/avr5/libgcc.a(_clear_bss.o)
 .data          0x0000000000000000        0x0 /Volumes/Macintosh HD/Users/jorgkrein/.platformio/packages/toolchain-atmelavr/bin/../lib/gcc/avr/5.4.0/avr5/libgcc.a(_clear_bss.o)
 .bss           0x0000000000000000        0x0 /Volumes/Macintosh HD/Users/jorgkrein/.platformio/packages/toolchain-atmelavr/bin/../lib/gcc/avr/5.4.0/avr5/libgcc.a(_clear_bss.o)
 .text.libgcc.mul
                0x0000000000000000        0x0 /Volumes/Macintosh HD/Users/jorgkrein/.platformio/packages/toolchain-atmelavr/bin/../lib/gcc/avr/5.4.0/avr5/libgcc.a(_clear_bss.o)
 .text.libgcc.div
                0x0000000000000000        0x0 /Volumes/Macintosh HD/Users/jorgkrein/.platformio/packages/toolchain-atmelavr/bin/../lib/gcc/avr/5.4.0/avr5/libgcc.a(_clear_bss.o)
 .text.libgcc   0x0000000000000000        0x0 /Volumes/Macintosh HD/Users/jorgkrein/.platformio/packages/toolchain-atmelavr/bin/../lib/gcc/avr/5.4.0/avr5/libgcc.a(_clear_bss.o)
 .text.libgcc.prologue
                0x0000000000000000        0x0 /Volumes/Macintosh HD/Users/jorgkrein/.platformio/packages/toolchain-atmelavr/bin/../lib/gcc/avr/5.4.0/avr5/libgcc.a(_clear_bss.o)
 .text.libgcc.builtins
                0x0000000000000000        0x0 /Volumes/Macintosh HD/Users/jorgkrein/.platformio/packages/toolchain-atmelavr/bin/../lib/gcc/avr/5.4.0/avr5/libgcc.a(_clear_bss.o)
 .text.libgcc.fmul
                0x0000000000000000        0x0 /Volumes/Macintosh HD/Users/jorgkrein/.platformio/packages/toolchain-atmelavr/bin/../lib/gcc/avr/5.4.0/avr5/libgcc.a(_clear_bss.o)
 .text.libgcc.fixed
                0x0000000000000000        0x0 /Volumes/Macintosh HD/Users/jorgkrein/.platformio/packages/toolchain-atmelavr/bin/../lib/gcc/avr/5.4.0/avr5/libgcc.a(_clear_bss.o)
 .text          0x0000000000000000        0x0 /Volumes/Macintosh HD/Users/jorgkrein/.platformio/packages/toolchain-atmelavr/bin/../lib/gcc/avr/5.4.0/avr5/libgcc.a(_muluhisi3.o)
 .data          0x0000000000000000        0x0 /Volumes/Macintosh HD/Users/jorgkrein/.platformio/packages/toolchain-atmelavr/bin/../lib/gcc/avr/5.4.0/avr5/libgcc.a(_muluhisi3.o)
 .bss           0x0000000000000000        0x0 /Volumes/Macintosh HD/Users/jorgkrein/.platformio/packages/toolchain-atmelavr/bin/../lib/gcc/avr/5.4.0/avr5/libgcc.a(_muluhisi3.o)
 .text.libgcc.div
                0x0000000000000000        0x0 /Volumes/Macintosh HD/Users/jorgkrein/.platformio/packages/toolchain-atmelavr/bin/../lib/gcc/avr/5.4.0/avr5/libgcc.a(_muluhisi3.o)
 .text.libgcc   0x0000000000000000        0x0 /Volumes/Macintosh HD/Users/jorgkrein/.platformio/packages/toolchain-atmelavr/bin/../lib/gcc/avr/5.4.0/avr5/libgcc.a(_muluhisi3.o)
 .text.libgcc.prologue
                0x0000000000000000        0x0 /Volumes/Macintosh HD/Users/jorgkrein/.platformio/packages/toolchain-atmelavr/bin/../lib/gcc/avr/5.4.0/avr5/libgcc.a(_muluhisi3.o)
 .text.libgcc.builtins
                0x0000000000000000        0x0 /Volumes/Macintosh HD/Users/jorgkrein/.platformio/packages/toolchain-atmelavr/bin/../lib/gcc/avr/5.4.0/avr5/libgcc.a(_muluhisi3.o)
 .text.libgcc.fmul
                0x0000000000000000        0x0 /Volumes/Macintosh HD/Users/jorgkrein/.platformio/packages/toolchain-atmelavr/bin/../lib/gcc/avr/5.4.0/avr5/libgcc.a(_muluhisi3.o)
 .text.libgcc.fixed
                0x0000000000000000        0x0 /Volumes/Macintosh HD/Users/jorgkrein/.platformio/packages/toolchain-atmelavr/bin/../lib/gcc/avr/5.4.0/avr5/libgcc.a(_muluhisi3.o)
 .text          0x0000000000000000        0x0 /Volumes/Macintosh HD/Users/jorgkrein/.platformio/packages/toolchain-atmelavr/bin/../lib/gcc/avr/5.4.0/avr5/libgcc.a(_prologue.o)
 .data          0x0000000000000000        0x0 /Volumes/Macintosh HD/Users/jorgkrein/.platformio/packages/toolchain-atmelavr/bin/../lib/gcc/avr/5.4.0/avr5/libgcc.a(_prologue.o)
 .bss           0x0000000000000000        0x0 /Volumes/Macintosh HD/Users/jorgkrein/.platformio/packages/toolchain-atmelavr/bin/../lib/gcc/avr/5.4.0/avr5/libgcc.a(_prologue.o)
 .text.libgcc.mul
                0x0000000000000000        0x0 /Volumes/Macintosh HD/Users/jorgkrein/.platformio/packages/toolchain-atmelavr/bin/../lib/gcc/avr/5.4.0/avr5/libgcc.a(_prologue.o)
 .text.libgcc.div
                0x0000000000000000        0x0 /Volumes/Macintosh HD/Users/jorgkrein/.platformio/packages/toolchain-atmelavr/bin/../lib/gcc/avr/5.4.0/avr5/libgcc.a(_prologue.o)
 .text.libgcc   0x0000000000000000        0x0 /Volumes/Macintosh HD/Users/jorgkrein/.platformio/packages/toolchain-atmelavr/bin/../lib/gcc/avr/5.4.0/avr5/libgcc.a(_prologue.o)
 .text.libgcc.builtins
                0x0000000000000000        0x0 /Volumes/Macintosh HD/Users/jorgkrein/.platformio/packages/toolchain-atmelavr/bin/../lib/gcc/avr/5.4.0/avr5/libgcc.a(_prologue.o)
 .text.libgcc.fmul
                0x0000000000000000        0x0 /Volumes/Macintosh HD/Users/jorgkrein/.platformio/packages/toolchain-atmelavr/bin/../lib/gcc/avr/5.4.0/avr5/libgcc.a(_prologue.o)
 .text.libgcc.fixed
                0x0000000000000000        0x0 /Volumes/Macintosh HD/Users/jorgkrein/.platformio/packages/toolchain-atmelavr/bin/../lib/gcc/avr/5.4.0/avr5/libgcc.a(_prologue.o)
 .text          0x0000000000000000        0x0 /Volumes/Macintosh HD/Users/jorgkrein/.platformio/packages/toolchain-atmelavr/bin/../lib/gcc/avr/5.4.0/avr5/libgcc.a(_epilogue.o)
 .data          0x0000000000000000        0x0 /Volumes/Macintosh HD/Users/jorgkrein/.platformio/packages/toolchain-atmelavr/bin/../lib/gcc/avr/5.4.0/avr5/libgcc.a(_epilogue.o)
 .bss           0x0000000000000000        0x0 /Volumes/Macintosh HD/Users/jorgkrein/.platformio/packages/toolchain-atmelavr/bin/../lib/gcc/avr/5.4.0/avr5/libgcc.a(_epilogue.o)
 .text.libgcc.mul
                0x0000000000000000        0x0 /Volumes/Macintosh HD/Users/jorgkrein/.platformio/packages/toolchain-atmelavr/bin/../lib/gcc/avr/5.4.0/avr5/libgcc.a(_epilogue.o)
 .text.libgcc.div
                0x0000000000000000        0x0 /Volumes/Macintosh HD/Users/jorgkrein/.platformio/packages/toolchain-atmelavr/bin/../lib/gcc/avr/5.4.0/avr5/libgcc.a(_epilogue.o)
 .text.libgcc   0x0000000000000000        0x0 /Volumes/Macintosh HD/Users/jorgkrein/.platformio/packages/toolchain-atmelavr/bin/../lib/gcc/avr/5.4.0/avr5/libgcc.a(_epilogue.o)
 .text.libgcc.builtins
                0x0000000000000000        0x0 /Volumes/Macintosh HD/Users/jorgkrein/.platformio/packages/toolchain-atmelavr/bin/../lib/gcc/avr/5.4.0/avr5/libgcc.a(_epilogue.o)
 .text.libgcc.fmul
                0x0000000000000000        0x0 /Volumes/Macintosh HD/Users/jorgkrein/.platformio/packages/toolchain-atmelavr/bin/../lib/gcc/avr/5.4.0/avr5/libgcc.a(_epilogue.o)
 .text.libgcc.fixed
                0x0000000000000000        0x0 /Volumes/Macintosh HD/Users/jorgkrein/.platformio/packages/toolchain-atmelavr/bin/../lib/gcc/avr/5.4.0/avr5/libgcc.a(_epilogue.o)
 .text          0x0000000000000000        0x0 /Volumes/Macintosh HD/Users/jorgkrein/.platformio/packages/toolchain-atmelavr/bin/../lib/gcc/avr/5.4.0/avr5/libgcc.a(_umulhisi3.o)
 .data          0x0000000000000000        0x0 /Volumes/Macintosh HD/Users/jorgkrein/.platformio/packages/toolchain-atmelavr/bin/../lib/gcc/avr/5.4.0/avr5/libgcc.a(_umulhisi3.o)
 .bss           0x0000000000000000        0x0 /Volumes/Macintosh HD/Users/jorgkrein/.platformio/packages/toolchain-atmelavr/bin/../lib/gcc/avr/5.4.0/avr5/libgcc.a(_umulhisi3.o)
 .text.libgcc.div
                0x0000000000000000        0x0 /Volumes/Macintosh HD/Users/jorgkrein/.platformio/packages/toolchain-atmelavr/bin/../lib/gcc/avr/5.4.0/avr5/libgcc.a(_umulhisi3.o)
 .text.libgcc   0x0000000000000000        0x0 /Volumes/Macintosh HD/Users/jorgkrein/.platformio/packages/toolchain-atmelavr/bin/../lib/gcc/avr/5.4.0/avr5/libgcc.a(_umulhisi3.o)
 .text.libgcc.prologue
                0x0000000000000000        0x0 /Volumes/Macintosh HD/Users/jorgkrein/.platformio/packages/toolchain-atmelavr/bin/../lib/gcc/avr/5.4.0/avr5/libgcc.a(_umulhisi3.o)
 .text.libgcc.builtins
                0x0000000000000000        0x0 /Volumes/Macintosh HD/Users/jorgkrein/.platformio/packages/toolchain-atmelavr/bin/../lib/gcc/avr/5.4.0/avr5/libgcc.a(_umulhisi3.o)
 .text.libgcc.fmul
                0x0000000000000000        0x0 /Volumes/Macintosh HD/Users/jorgkrein/.platformio/packages/toolchain-atmelavr/bin/../lib/gcc/avr/5.4.0/avr5/libgcc.a(_umulhisi3.o)
 .text.libgcc.fixed
                0x0000000000000000        0x0 /Volumes/Macintosh HD/Users/jorgkrein/.platformio/packages/toolchain-atmelavr/bin/../lib/gcc/avr/5.4.0/avr5/libgcc.a(_umulhisi3.o)
 .text          0x0000000000000000        0x0 /Volumes/Macintosh HD/Users/jorgkrein/.platformio/packages/toolchain-atmelavr/bin/../lib/gcc/avr/5.4.0/avr5/libgcc.a(_copy_data.o)
 .data          0x0000000000000000        0x0 /Volumes/Macintosh HD/Users/jorgkrein/.platformio/packages/toolchain-atmelavr/bin/../lib/gcc/avr/5.4.0/avr5/libgcc.a(_copy_data.o)
 .bss           0x0000000000000000        0x0 /Volumes/Macintosh HD/Users/jorgkrein/.platformio/packages/toolchain-atmelavr/bin/../lib/gcc/avr/5.4.0/avr5/libgcc.a(_copy_data.o)
 .text.libgcc.mul
                0x0000000000000000        0x0 /Volumes/Macintosh HD/Users/jorgkrein/.platformio/packages/toolchain-atmelavr/bin/../lib/gcc/avr/5.4.0/avr5/libgcc.a(_copy_data.o)
 .text.libgcc.div
                0x0000000000000000        0x0 /Volumes/Macintosh HD/Users/jorgkrein/.platformio/packages/toolchain-atmelavr/bin/../lib/gcc/avr/5.4.0/avr5/libgcc.a(_copy_data.o)
 .text.libgcc   0x0000000000000000        0x0 /Volumes/Macintosh HD/Users/jorgkrein/.platformio/packages/toolchain-atmelavr/bin/../lib/gcc/avr/5.4.0/avr5/libgcc.a(_copy_data.o)
 .text.libgcc.prologue
                0x0000000000000000        0x0 /Volumes/Macintosh HD/Users/jorgkrein/.platformio/packages/toolchain-atmelavr/bin/../lib/gcc/avr/5.4.0/avr5/libgcc.a(_copy_data.o)
 .text.libgcc.builtins
                0x0000000000000000        0x0 /Volumes/Macintosh HD/Users/jorgkrein/.platformio/packages/toolchain-atmelavr/bin/../lib/gcc/avr/5.4.0/avr5/libgcc.a(_copy_data.o)
 .text.libgcc.fmul
                0x0000000000000000        0x0 /Volumes/Macintosh HD/Users/jorgkrein/.platformio/packages/toolchain-atmelavr/bin/../lib/gcc/avr/5.4.0/avr5/libgcc.a(_copy_data.o)
 .text.libgcc.fixed
                0x0000000000000000        0x0 /Volumes/Macintosh HD/Users/jorgkrein/.platformio/packages/toolchain-atmelavr/bin/../lib/gcc/avr/5.4.0/avr5/libgcc.a(_copy_data.o)
 .text          0x0000000000000000        0x0 /Volumes/Macintosh HD/Users/jorgkrein/.platformio/packages/toolchain-atmelavr/bin/../lib/gcc/avr/5.4.0/avr5/libgcc.a(_ctors.o)
 .data          0x0000000000000000        0x0 /Volumes/Macintosh HD/Users/jorgkrein/.platformio/packages/toolchain-atmelavr/bin/../lib/gcc/avr/5.4.0/avr5/libgcc.a(_ctors.o)
 .bss           0x0000000000000000        0x0 /Volumes/Macintosh HD/Users/jorgkrein/.platformio/packages/toolchain-atmelavr/bin/../lib/gcc/avr/5.4.0/avr5/libgcc.a(_ctors.o)
 .text.libgcc.mul
                0x0000000000000000        0x0 /Volumes/Macintosh HD/Users/jorgkrein/.platformio/packages/toolchain-atmelavr/bin/../lib/gcc/avr/5.4.0/avr5/libgcc.a(_ctors.o)
 .text.libgcc.div
                0x0000000000000000        0x0 /Volumes/Macintosh HD/Users/jorgkrein/.platformio/packages/toolchain-atmelavr/bin/../lib/gcc/avr/5.4.0/avr5/libgcc.a(_ctors.o)
 .text.libgcc   0x0000000000000000        0x0 /Volumes/Macintosh HD/Users/jorgkrein/.platformio/packages/toolchain-atmelavr/bin/../lib/gcc/avr/5.4.0/avr5/libgcc.a(_ctors.o)
 .text.libgcc.prologue
                0x0000000000000000        0x0 /Volumes/Macintosh HD/Users/jorgkrein/.platformio/packages/toolchain-atmelavr/bin/../lib/gcc/avr/5.4.0/avr5/libgcc.a(_ctors.o)
 .text.libgcc.builtins
                0x0000000000000000        0x0 /Volumes/Macintosh HD/Users/jorgkrein/.platformio/packages/toolchain-atmelavr/bin/../lib/gcc/avr/5.4.0/avr5/libgcc.a(_ctors.o)
 .text.libgcc.fmul
                0x0000000000000000        0x0 /Volumes/Macintosh HD/Users/jorgkrein/.platformio/packages/toolchain-atmelavr/bin/../lib/gcc/avr/5.4.0/avr5/libgcc.a(_ctors.o)
 .text.libgcc.fixed
                0x0000000000000000        0x0 /Volumes/Macintosh HD/Users/jorgkrein/.platformio/packages/toolchain-atmelavr/bin/../lib/gcc/avr/5.4.0/avr5/libgcc.a(_ctors.o)
 .text          0x0000000000000000        0x0 /Volumes/Macintosh HD/Users/jorgkrein/.platformio/packages/toolchain-atmelavr/bin/../lib/gcc/avr/5.4.0/avr5/libgcc.a(_usmulhisi3.o)
 .data          0x0000000000000000        0x0 /Volumes/Macintosh HD/Users/jorgkrein/.platformio/packages/toolchain-atmelavr/bin/../lib/gcc/avr/5.4.0/avr5/libgcc.a(_usmulhisi3.o)
 .bss           0x0000000000000000        0x0 /Volumes/Macintosh HD/Users/jorgkrein/.platformio/packages/toolchain-atmelavr/bin/../lib/gcc/avr/5.4.0/avr5/libgcc.a(_usmulhisi3.o)
 .text.libgcc.div
                0x0000000000000000        0x0 /Volumes/Macintosh HD/Users/jorgkrein/.platformio/packages/toolchain-atmelavr/bin/../lib/gcc/avr/5.4.0/avr5/libgcc.a(_usmulhisi3.o)
 .text.libgcc   0x0000000000000000        0x0 /Volumes/Macintosh HD/Users/jorgkrein/.platformio/packages/toolchain-atmelavr/bin/../lib/gcc/avr/5.4.0/avr5/libgcc.a(_usmulhisi3.o)
 .text.libgcc.prologue
                0x0000000000000000        0x0 /Volumes/Macintosh HD/Users/jorgkrein/.platformio/packages/toolchain-atmelavr/bin/../lib/gcc/avr/5.4.0/avr5/libgcc.a(_usmulhisi3.o)
 .text.libgcc.builtins
                0x0000000000000000        0x0 /Volumes/Macintosh HD/Users/jorgkrein/.platformio/packages/toolchain-atmelavr/bin/../lib/gcc/avr/5.4.0/avr5/libgcc.a(_usmulhisi3.o)
 .text.libgcc.fmul
                0x0000000000000000        0x0 /Volumes/Macintosh HD/Users/jorgkrein/.platformio/packages/toolchain-atmelavr/bin/../lib/gcc/avr/5.4.0/avr5/libgcc.a(_usmulhisi3.o)
 .text.libgcc.fixed
                0x0000000000000000        0x0 /Volumes/Macintosh HD/Users/jorgkrein/.platformio/packages/toolchain-atmelavr/bin/../lib/gcc/avr/5.4.0/avr5/libgcc.a(_usmulhisi3.o)
 .text          0x0000000000000000        0x0 /Volumes/Macintosh HD/Users/jorgkrein/.platformio/packages/toolchain-atmelavr/bin/../lib/gcc/avr/5.4.0/avr5/libgcc.a(_tablejump2.o)
 .data          0x0000000000000000        0x0 /Volumes/Macintosh HD/Users/jorgkrein/.platformio/packages/toolchain-atmelavr/bin/../lib/gcc/avr/5.4.0/avr5/libgcc.a(_tablejump2.o)
 .bss           0x0000000000000000        0x0 /Volumes/Macintosh HD/Users/jorgkrein/.platformio/packages/toolchain-atmelavr/bin/../lib/gcc/avr/5.4.0/avr5/libgcc.a(_tablejump2.o)
 .text.libgcc.mul
                0x0000000000000000        0x0 /Volumes/Macintosh HD/Users/jorgkrein/.platformio/packages/toolchain-atmelavr/bin/../lib/gcc/avr/5.4.0/avr5/libgcc.a(_tablejump2.o)
 .text.libgcc.div
                0x0000000000000000        0x0 /Volumes/Macintosh HD/Users/jorgkrein/.platformio/packages/toolchain-atmelavr/bin/../lib/gcc/avr/5.4.0/avr5/libgcc.a(_tablejump2.o)
 .text.libgcc.prologue
                0x0000000000000000        0x0 /Volumes/Macintosh HD/Users/jorgkrein/.platformio/packages/toolchain-atmelavr/bin/../lib/gcc/avr/5.4.0/avr5/libgcc.a(_tablejump2.o)
 .text.libgcc.builtins
                0x0000000000000000        0x0 /Volumes/Macintosh HD/Users/jorgkrein/.platformio/packages/toolchain-atmelavr/bin/../lib/gcc/avr/5.4.0/avr5/libgcc.a(_tablejump2.o)
 .text.libgcc.fmul
                0x0000000000000000        0x0 /Volumes/Macintosh HD/Users/jorgkrein/.platformio/packages/toolchain-atmelavr/bin/../lib/gcc/avr/5.4.0/avr5/libgcc.a(_tablejump2.o)
 .text.libgcc.fixed
                0x0000000000000000        0x0 /Volumes/Macintosh HD/Users/jorgkrein/.platformio/packages/toolchain-atmelavr/bin/../lib/gcc/avr/5.4.0/avr5/libgcc.a(_tablejump2.o)
 .text          0x0000000000000000        0x0 /Volumes/Macintosh HD/Users/jorgkrein/.platformio/packages/toolchain-atmelavr/bin/../lib/gcc/avr/5.4.0/../../../../avr/lib/avr5/libc.a(abort.o)
 .data          0x0000000000000000        0x0 /Volumes/Macintosh HD/Users/jorgkrein/.platformio/packages/toolchain-atmelavr/bin/../lib/gcc/avr/5.4.0/../../../../avr/lib/avr5/libc.a(abort.o)
 .bss           0x0000000000000000        0x0 /Volumes/Macintosh HD/Users/jorgkrein/.platformio/packages/toolchain-atmelavr/bin/../lib/gcc/avr/5.4.0/../../../../avr/lib/avr5/libc.a(abort.o)
 .text          0x0000000000000000        0x0 /Volumes/Macintosh HD/Users/jorgkrein/.platformio/packages/toolchain-atmelavr/bin/../lib/gcc/avr/5.4.0/../../../../avr/lib/avr5/libc.a(strcmp.o)
 .data          0x0000000000000000        0x0 /Volumes/Macintosh HD/Users/jorgkrein/.platformio/packages/toolchain-atmelavr/bin/../lib/gcc/avr/5.4.0/../../../../avr/lib/avr5/libc.a(strcmp.o)
 .bss           0x0000000000000000        0x0 /Volumes/Macintosh HD/Users/jorgkrein/.platformio/packages/toolchain-atmelavr/bin/../lib/gcc/avr/5.4.0/../../../../avr/lib/avr5/libc.a(strcmp.o)

Memory Configuration

Name             Origin             Length             Attributes
text             0x0000000000000000 0x0000000000020000 xr
data             0x0000000000800060 0x000000000000ffa0 rw !x
eeprom           0x0000000000810000 0x0000000000010000 rw !x
fuse             0x0000000000820000 0x0000000000000003 rw !x
lock             0x0000000000830000 0x0000000000000400 rw !x
signature        0x0000000000840000 0x0000000000000400 rw !x
user_signatures  0x0000000000850000 0x0000000000000400 rw !x
*default*        0x0000000000000000 0xffffffffffffffff

Linker script and memory map

Address of section .data set to 0x800100
LOAD /Volumes/Macintosh HD/Users/jorgkrein/.platformio/packages/toolchain-atmelavr/bin/../lib/gcc/avr/5.4.0/../../../../avr/lib/avr5/crtatmega328p.o
LOAD .pio/build/nanoatmega328new/src/figure.cpp.o
LOAD /var/folders/ls/00vg1jfd0rl1sd8m1806dmc40000gn/T//cczU3mOV.ltrans0.ltrans.o
LOAD .pio/build/nanoatmega328new/src/main.cpp.o
LOAD .pio/build/nanoatmega328new/src/mcp4922.cpp.o
LOAD .pio/build/nanoatmega328new/src/remote.cpp.o
START GROUP
LOAD .pio/build/nanoatmega328new/lib3a3/libSPI.a
LOAD .pio/build/nanoatmega328new/lib2ac/libTimerOne_ID131.a
LOAD .pio/build/nanoatmega328new/libFrameworkArduinoVariant.a
LOAD .pio/build/nanoatmega328new/libFrameworkArduino.a
END GROUP
LOAD /Volumes/Macintosh HD/Users/jorgkrein/.platformio/packages/toolchain-atmelavr/bin/../lib/gcc/avr/5.4.0/avr5/libgcc.a
LOAD /Volumes/Macintosh HD/Users/jorgkrein/.platformio/packages/toolchain-atmelavr/bin/../lib/gcc/avr/5.4.0/../../../../avr/lib/avr5/libm.a
START GROUP
LOAD /Volumes/Macintosh HD/Users/jorgkrein/.platformio/packages/toolchain-atmelavr/bin/../lib/gcc/avr/5.4.0/avr5/libgcc.a
LOAD /Volumes/Macintosh HD/Users/jorgkrein/.platformio/packages/toolchain-atmelavr/bin/../lib/gcc/avr/5.4.0/../../../../avr/lib/avr5/libm.a
LOAD /Volumes/Macintosh HD/Users/jorgkrein/.platformio/packages/toolchain-atmelavr/bin/../lib/gcc/avr/5.4.0/../../../../avr/lib/avr5/libc.a
LOAD /Volumes/Macintosh HD/Users/jorgkrein/.platformio/packages/toolchain-atmelavr/bin/../lib/gcc/avr/5.4.0/../../../../avr/lib/avr5/libatmega328p.a
END GROUP
                0x0000000000020000                __TEXT_REGION_LENGTH__ = DEFINED (__TEXT_REGION_LENGTH__)?__TEXT_REGION_LENGTH__:0x20000
                0x000000000000ffa0                __DATA_REGION_LENGTH__ = DEFINED (__DATA_REGION_LENGTH__)?__DATA_REGION_LENGTH__:0xffa0
                0x0000000000010000                __EEPROM_REGION_LENGTH__ = DEFINED (__EEPROM_REGION_LENGTH__)?__EEPROM_REGION_LENGTH__:0x10000
                [0x0000000000000003]                __FUSE_REGION_LENGTH__ = DEFINED (__FUSE_REGION_LENGTH__)?__FUSE_REGION_LENGTH__:0x400
                0x0000000000000400                __LOCK_REGION_LENGTH__ = DEFINED (__LOCK_REGION_LENGTH__)?__LOCK_REGION_LENGTH__:0x400
                0x0000000000000400                __SIGNATURE_REGION_LENGTH__ = DEFINED (__SIGNATURE_REGION_LENGTH__)?__SIGNATURE_REGION_LENGTH__:0x400
                0x0000000000000400                __USER_SIGNATURE_REGION_LENGTH__ = DEFINED (__USER_SIGNATURE_REGION_LENGTH__)?__USER_SIGNATURE_REGION_LENGTH__:0x400

.hash
 *(.hash)

.dynsym
 *(.dynsym)

.dynstr
 *(.dynstr)

.gnu.version
 *(.gnu.version)

.gnu.version_d
 *(.gnu.version_d)

.gnu.version_r
 *(.gnu.version_r)

.rel.init
 *(.rel.init)

.rela.init
 *(.rela.init)

.rel.text
 *(.rel.text)
 *(.rel.text.*)
 *(.rel.gnu.linkonce.t*)

.rela.text
 *(.rela.text)
 *(.rela.text.*)
 *(.rela.gnu.linkonce.t*)

.rel.fini
 *(.rel.fini)

.rela.fini
 *(.rela.fini)

.rel.rodata
 *(.rel.rodata)
 *(.rel.rodata.*)
 *(.rel.gnu.linkonce.r*)

.rela.rodata
 *(.rela.rodata)
 *(.rela.rodata.*)
 *(.rela.gnu.linkonce.r*)

.rel.data
 *(.rel.data)
 *(.rel.data.*)
 *(.rel.gnu.linkonce.d*)

.rela.data
 *(.rela.data)
 *(.rela.data.*)
 *(.rela.gnu.linkonce.d*)

.rel.ctors
 *(.rel.ctors)

.rela.ctors
 *(.rela.ctors)

.rel.dtors
 *(.rel.dtors)

.rela.dtors
 *(.rela.dtors)

.rel.got
 *(.rel.got)

.rela.got
 *(.rela.got)

.rel.bss
 *(.rel.bss)

.rela.bss
 *(.rela.bss)

.rel.plt
 *(.rel.plt)

.rela.plt
 *(.rela.plt)

.text           0x0000000000000000     0x1ad0
 *(.vectors)
 .vectors       0x0000000000000000       0x68 /Volumes/Macintosh HD/Users/jorgkrein/.platformio/packages/toolchain-atmelavr/bin/../lib/gcc/avr/5.4.0/../../../../avr/lib/avr5/crtatmega328p.o
                0x0000000000000000                __vectors
                0x0000000000000000                __vector_default
 *(.vectors)
 *(.progmem.gcc*)
                0x0000000000000068                . = ALIGN (0x2)
                0x0000000000000068                __trampolines_start = .
 *(.trampolines)
 .trampolines   0x0000000000000068        0x0 linker stubs
 *(.trampolines*)
                0x0000000000000068                __trampolines_end = .
 *libprintf_flt.a:*(.progmem.data)
 *libc.a:*(.progmem.data)
 *(.progmem*)
 .progmem.data  0x0000000000000068      0x84c /var/folders/ls/00vg1jfd0rl1sd8m1806dmc40000gn/T//cczU3mOV.ltrans0.ltrans.o
                0x00000000000008b4                . = ALIGN (0x2)
 *(.jumptables)
 *(.jumptables*)
 *(.lowtext)
 *(.lowtext*)
                0x00000000000008b4                __ctors_start = .
 *(.ctors)
 .ctors         0x00000000000008b4        0x2 /var/folders/ls/00vg1jfd0rl1sd8m1806dmc40000gn/T//cczU3mOV.ltrans0.ltrans.o
                0x00000000000008b6                __ctors_end = .
                0x00000000000008b6                __dtors_start = .
 *(.dtors)
                0x00000000000008b6                __dtors_end = .
 SORT(*)(.ctors)
 SORT(*)(.dtors)
 *(.init0)
 .init0         0x00000000000008b6        0x0 /Volumes/Macintosh HD/Users/jorgkrein/.platformio/packages/toolchain-atmelavr/bin/../lib/gcc/avr/5.4.0/../../../../avr/lib/avr5/crtatmega328p.o
                0x00000000000008b6                __init
 *(.init0)
 *(.init1)
 *(.init1)
 *(.init2)
 .init2         0x00000000000008b6        0xc /Volumes/Macintosh HD/Users/jorgkrein/.platformio/packages/toolchain-atmelavr/bin/../lib/gcc/avr/5.4.0/../../../../avr/lib/avr5/crtatmega328p.o
 *(.init2)
 *(.init3)
 *(.init3)
 *(.init4)
 .init4         0x00000000000008c2       0x10 /Volumes/Macintosh HD/Users/jorgkrein/.platformio/packages/toolchain-atmelavr/bin/../lib/gcc/avr/5.4.0/avr5/libgcc.a(_clear_bss.o)
                0x00000000000008c2                __do_clear_bss
 .init4         0x00000000000008d2       0x16 /Volumes/Macintosh HD/Users/jorgkrein/.platformio/packages/toolchain-atmelavr/bin/../lib/gcc/avr/5.4.0/avr5/libgcc.a(_copy_data.o)
                0x00000000000008d2                __do_copy_data
 *(.init4)
 *(.init5)
 *(.init5)
 *(.init6)
 .init6         0x00000000000008e8       0x16 /Volumes/Macintosh HD/Users/jorgkrein/.platformio/packages/toolchain-atmelavr/bin/../lib/gcc/avr/5.4.0/avr5/libgcc.a(_ctors.o)
                0x00000000000008e8                __do_global_ctors
 *(.init6)
 *(.init7)
 *(.init7)
 *(.init8)
 *(.init8)
 *(.init9)
 .init9         0x00000000000008fe        0x8 /Volumes/Macintosh HD/Users/jorgkrein/.platformio/packages/toolchain-atmelavr/bin/../lib/gcc/avr/5.4.0/../../../../avr/lib/avr5/crtatmega328p.o
 *(.init9)
 *(.text)
 .text          0x0000000000000906        0x4 /Volumes/Macintosh HD/Users/jorgkrein/.platformio/packages/toolchain-atmelavr/bin/../lib/gcc/avr/5.4.0/../../../../avr/lib/avr5/crtatmega328p.o
                0x0000000000000906                __vector_20
                0x0000000000000906                __vector_1
                0x0000000000000906                __vector_24
                0x0000000000000906                __vector_12
                0x0000000000000906                __bad_interrupt
                0x0000000000000906                __vector_6
                0x0000000000000906                __vector_3
                0x0000000000000906                __vector_23
                0x0000000000000906                __vector_25
                0x0000000000000906                __vector_11
                0x0000000000000906                __vector_17
                0x0000000000000906                __vector_7
                0x0000000000000906                __vector_5
                0x0000000000000906                __vector_4
                0x0000000000000906                __vector_9
                0x0000000000000906                __vector_2
                0x0000000000000906                __vector_21
                0x0000000000000906                __vector_15
                0x0000000000000906                __vector_8
                0x0000000000000906                __vector_14
                0x0000000000000906                __vector_10
                0x0000000000000906                __vector_22
 .text          0x000000000000090a      0x8c8 /var/folders/ls/00vg1jfd0rl1sd8m1806dmc40000gn/T//cczU3mOV.ltrans0.ltrans.o
                0x0000000000001040                __vector_16
                0x00000000000010d4                __vector_19
                0x0000000000001120                __vector_18
                0x0000000000001184                __vector_13
                0x00000000000011d2                . = ALIGN (0x2)
 *(.text.*)
 .text.startup  0x00000000000011d2      0x522 /var/folders/ls/00vg1jfd0rl1sd8m1806dmc40000gn/T//cczU3mOV.ltrans0.ltrans.o
                0x0000000000001298                main
 .text.avr-libc
                0x00000000000016f4      0x22c /Volumes/Macintosh HD/Users/jorgkrein/.platformio/packages/toolchain-atmelavr/bin/../lib/gcc/avr/5.4.0/../../../../avr/lib/avr5/libc.a(strtol.o)
                0x00000000000016f4                strtol
 .text.avr-libc
                0x0000000000001920       0x12 /Volumes/Macintosh HD/Users/jorgkrein/.platformio/packages/toolchain-atmelavr/bin/../lib/gcc/avr/5.4.0/../../../../avr/lib/avr5/libc.a(isspace.o)
                0x0000000000001920                isspace
 .text.avr-libc
                0x0000000000001932        0xa /Volumes/Macintosh HD/Users/jorgkrein/.platformio/packages/toolchain-atmelavr/bin/../lib/gcc/avr/5.4.0/../../../../avr/lib/avr5/libc.a(strtok.o)
                0x0000000000001932                strtok
 .text.avr-libc
                0x000000000000193c       0x4e /Volumes/Macintosh HD/Users/jorgkrein/.platformio/packages/toolchain-atmelavr/bin/../lib/gcc/avr/5.4.0/../../../../avr/lib/avr5/libc.a(strtok_r.o)
                0x000000000000193c                strtok_r
 .text.avr-libc
                0x000000000000198a        0x6 /Volumes/Macintosh HD/Users/jorgkrein/.platformio/packages/toolchain-atmelavr/bin/../lib/gcc/avr/5.4.0/../../../../avr/lib/avr5/libc.a(cty_isfalse.o)
                0x000000000000198a                __ctype_isfalse
                0x000000000000198e                __ctype_istrue
 .text.libgcc.mul
                0x0000000000001990       0x20 /Volumes/Macintosh HD/Users/jorgkrein/.platformio/packages/toolchain-atmelavr/bin/../lib/gcc/avr/5.4.0/avr5/libgcc.a(_mulsi3.o)
                0x0000000000001990                __mulsi3
 .text.libgcc.div
                0x00000000000019b0       0x44 /Volumes/Macintosh HD/Users/jorgkrein/.platformio/packages/toolchain-atmelavr/bin/../lib/gcc/avr/5.4.0/avr5/libgcc.a(_udivmodsi4.o)
                0x00000000000019b0                __udivmodsi4
 .text.libgcc.mul
                0x00000000000019f4       0x16 /Volumes/Macintosh HD/Users/jorgkrein/.platformio/packages/toolchain-atmelavr/bin/../lib/gcc/avr/5.4.0/avr5/libgcc.a(_muluhisi3.o)
                0x00000000000019f4                __muluhisi3
 .text.libgcc.prologue
                0x0000000000001a0a       0x38 /Volumes/Macintosh HD/Users/jorgkrein/.platformio/packages/toolchain-atmelavr/bin/../lib/gcc/avr/5.4.0/avr5/libgcc.a(_prologue.o)
                0x0000000000001a0a                __prologue_saves__
 .text.libgcc.prologue
                0x0000000000001a42       0x36 /Volumes/Macintosh HD/Users/jorgkrein/.platformio/packages/toolchain-atmelavr/bin/../lib/gcc/avr/5.4.0/avr5/libgcc.a(_epilogue.o)
                0x0000000000001a42                __epilogue_restores__
 .text.libgcc.mul
                0x0000000000001a78       0x1e /Volumes/Macintosh HD/Users/jorgkrein/.platformio/packages/toolchain-atmelavr/bin/../lib/gcc/avr/5.4.0/avr5/libgcc.a(_umulhisi3.o)
                0x0000000000001a78                __umulhisi3
 .text.libgcc.mul
                0x0000000000001a96        0xe /Volumes/Macintosh HD/Users/jorgkrein/.platformio/packages/toolchain-atmelavr/bin/../lib/gcc/avr/5.4.0/avr5/libgcc.a(_usmulhisi3.o)
                0x0000000000001a96                __usmulhisi3
                0x0000000000001a9a                __usmulhisi3_tail
 .text.libgcc   0x0000000000001aa4        0xc /Volumes/Macintosh HD/Users/jorgkrein/.platformio/packages/toolchain-atmelavr/bin/../lib/gcc/avr/5.4.0/avr5/libgcc.a(_tablejump2.o)
                0x0000000000001aa4                __tablejump2__
 .text.avr-libc
                0x0000000000001ab0        0xa /Volumes/Macintosh HD/Users/jorgkrein/.platformio/packages/toolchain-atmelavr/bin/../lib/gcc/avr/5.4.0/../../../../avr/lib/avr5/libc.a(abort.o)
                0x0000000000001ab0                abort
 .text.avr-libc
                0x0000000000001aba       0x12 /Volumes/Macintosh HD/Users/jorgkrein/.platformio/packages/toolchain-atmelavr/bin/../lib/gcc/avr/5.4.0/../../../../avr/lib/avr5/libc.a(strcmp.o)
                0x0000000000001aba                strcmp
                0x0000000000001acc                . = ALIGN (0x2)
 *(.fini9)
 .fini9         0x0000000000001acc        0x0 /Volumes/Macintosh HD/Users/jorgkrein/.platformio/packages/toolchain-atmelavr/bin/../lib/gcc/avr/5.4.0/avr5/libgcc.a(_exit.o)
                0x0000000000001acc                exit
                0x0000000000001acc                _exit
 *(.fini9)
 *(.fini8)
 *(.fini8)
 *(.fini7)
 *(.fini7)
 *(.fini6)
 *(.fini6)
 *(.fini5)
 *(.fini5)
 *(.fini4)
 *(.fini4)
 *(.fini3)
 *(.fini3)
 *(.fini2)
 *(.fini2)
 *(.fini1)
 *(.fini1)
 *(.fini0)
 .fini0         0x0000000000001acc        0x4 /Volumes/Macintosh HD/Users/jorgkrein/.platformio/packages/toolchain-atmelavr/bin/../lib/gcc/avr/5.4.0/avr5/libgcc.a(_exit.o)
 *(.fini0)
                0x0000000000001ad0                _etext = .

.data           0x0000000000800100       0x42 load address 0x0000000000001ad0
                0x0000000000800100                PROVIDE (__data_start, .)
 *(.data)
 *(.data*)
 *(.gnu.linkonce.d*)
 *(.rodata)
 .rodata        0x0000000000800100       0x41 /var/folders/ls/00vg1jfd0rl1sd8m1806dmc40000gn/T//cczU3mOV.ltrans0.ltrans.o
 *(.rodata*)
 *(.gnu.linkonce.r*)
                0x0000000000800142                . = ALIGN (0x2)
 *fill*         0x0000000000800141        0x1 
                0x0000000000800142                _edata = .
                0x0000000000800142                PROVIDE (__data_end, .)

.bss            0x0000000000800142      0x135
                0x0000000000800142                PROVIDE (__bss_start, .)
 *(.bss)
 .bss           0x0000000000800142      0x131 /var/folders/ls/00vg1jfd0rl1sd8m1806dmc40000gn/T//cczU3mOV.ltrans0.ltrans.o
 .bss           0x0000000000800273        0x2 /Volumes/Macintosh HD/Users/jorgkrein/.platformio/packages/toolchain-atmelavr/bin/../lib/gcc/avr/5.4.0/../../../../avr/lib/avr5/libc.a(strtok.o)
 *(.bss*)
 *(COMMON)
 COMMON         0x0000000000800275        0x2 /Volumes/Macintosh HD/Users/jorgkrein/.platformio/packages/toolchain-atmelavr/bin/../lib/gcc/avr/5.4.0/../../../../avr/lib/avr5/libc.a(errno.o)
                0x0000000000800275                errno
                0x0000000000800277                PROVIDE (__bss_end, .)
                0x0000000000001ad0                __data_load_start = LOADADDR (.data)
                0x0000000000001b12                __data_load_end = (__data_load_start + SIZEOF (.data))

.noinit         0x0000000000800277        0x0
                [!provide]                        PROVIDE (__noinit_start, .)
 *(.noinit*)
                [!provide]                        PROVIDE (__noinit_end, .)
                0x0000000000800277                _end = .
                [!provide]                        PROVIDE (__heap_start, .)

.eeprom         0x0000000000810000        0x0
 *(.eeprom*)
                0x0000000000810000                __eeprom_end = .

.fuse
 *(.fuse)
 *(.lfuse)
 *(.hfuse)
 *(.efuse)

.lock
 *(.lock*)

.signature
 *(.signature*)

.user_signatures
 *(.user_signatures*)

.stab
 *(.stab)

.stabstr
 *(.stabstr)

.stab.excl
 *(.stab.excl)

.stab.exclstr
 *(.stab.exclstr)

.stab.index
 *(.stab.index)

.stab.indexstr
 *(.stab.indexstr)

.comment        0x0000000000000000       0x5b
 *(.comment)
 .comment       0x0000000000000000       0x2f /var/folders/ls/00vg1jfd0rl1sd8m1806dmc40000gn/T//cczU3mOV.ltrans0.ltrans.o
                                         0x30 (size before relaxing)
 .comment       0x000000000000002f       0x2c /Volumes/Macintosh HD/Users/jorgkrein/.platformio/packages/toolchain-atmelavr/bin/../lib/gcc/avr/5.4.0/../../../../avr/lib/avr5/libc.a(strtol.o)
                                         0x2d (size before relaxing)
 .comment       0x000000000000005b       0x2d /Volumes/Macintosh HD/Users/jorgkrein/.platformio/packages/toolchain-atmelavr/bin/../lib/gcc/avr/5.4.0/../../../../avr/lib/avr5/libc.a(strtok.o)
 .comment       0x000000000000005b       0x2d /Volumes/Macintosh HD/Users/jorgkrein/.platformio/packages/toolchain-atmelavr/bin/../lib/gcc/avr/5.4.0/../../../../avr/lib/avr5/libc.a(errno.o)

.note.gnu.avr.deviceinfo
                0x0000000000000000       0x40
 .note.gnu.avr.deviceinfo
                0x0000000000000000       0x40 /Volumes/Macintosh HD/Users/jorgkrein/.platformio/packages/toolchain-atmelavr/bin/../lib/gcc/avr/5.4.0/../../../../avr/lib/avr5/crtatmega328p.o

.note.gnu.build-id
 *(.note.gnu.build-id)

.debug
 *(.debug)

.line
 *(.line)

.debug_srcinfo
 *(.debug_srcinfo)

.debug_sfnames
 *(.debug_sfnames)

.debug_aranges
 *(.debug_aranges)

.debug_pubnames
 *(.debug_pubnames)

.debug_info     0x0000000000000000      0x5f4
 *(.debug_info .gnu.linkonce.wi.*)
 .debug_info    0x0000000000000000      0x5f4 /Volumes/Macintosh HD/Users/jorgkrein/.platformio/packages/toolchain-atmelavr/bin/../lib/gcc/avr/5.4.0/../../../../avr/lib/avr5/crtatmega328p.o

.debug_abbrev   0x0000000000000000      0x5a2
 *(.debug_abbrev)
 .debug_abbrev  0x0000000000000000      0x5a2 /Volumes/Macintosh HD/Users/jorgkrein/.platformio/packages/toolchain-atmelavr/bin/../lib/gcc/avr/5.4.0/../../../../avr/lib/avr5/crtatmega328p.o

.debug_line     0x0000000000000000       0x1a
 *(.debug_line .debug_line.* .debug_line_end)
 .debug_line    0x0000000000000000       0x1a /Volumes/Macintosh HD/Users/jorgkrein/.platformio/packages/toolchain-atmelavr/bin/../lib/gcc/avr/5.4.0/../../../../avr/lib/avr5/crtatmega328p.o

.debug_frame
 *(.debug_frame)

.debug_str      0x0000000000000000      0x208
 *(.debug_str)
 .debug_str     0x0000000000000000      0x208 /Volumes/Macintosh HD/Users/jorgkrein/.platformio/packages/toolchain-atmelavr/bin/../lib/gcc/avr/5.4.0/../../../../avr/lib/avr5/crtatmega328p.o

.debug_loc
 *(.debug_loc)

.debug_macinfo
 *(.debug_macinfo)

.debug_weaknames
 *(.debug_weaknames)

.debug_funcnames
 *(.debug_funcnames)

.debug_typenames
 *(.debug_typenames)

.debug_varnames
 *(.debug_varnames)

.debug_pubtypes
 *(.debug_pubtypes)

.debug_ranges
 *(.debug_ranges)

.debug_macro
 *(.debug_macro)
OUTPUT(.pio/build/nanoatmega328new/firmware.elf elf32-avr)
LOAD linker stubs
